[2026-07-28T11:30:42.041Z] === WorkBuddy+ 托盘守护进程启动 ===
[2026-07-28T11:30:42.056Z] HTTP API 监听在 http://localhost:17891
[2026-07-28T11:30:42.096Z] WorkBuddy 运行状态: 否
[2026-07-28T11:30:42.096Z] 守护进程运行状态: 否
[2026-07-28T11:30:42.096Z] 托盘守护进程已就绪
[2026-07-28T11:30:52.156Z] WorkBuddy 未运行（CDP 模式）
[2026-07-28T11:30:52.422Z] 启动 WorkBuddy+...
[2026-07-28T11:30:57.445Z] WorkBuddy+ 启动失败
[2026-07-28T11:31:02.154Z] WorkBuddy 未运行（CDP 模式）
[2026-07-28T11:31:12.167Z] WorkBuddy 未运行（CDP 模式）
[2026-07-28T11:31:12.168Z] 守护进程仍在运行，但 WorkBuddy 已退出
[2026-07-28T11:31:22.166Z] WorkBuddy 未运行（CDP 模式）
[2026-07-28T11:31:22.166Z] 守护进程仍在运行，但 WorkBuddy 已退出
[2026-07-28T11:31:32.176Z] WorkBuddy 未运行（CDP 模式）
[2026-07-28T11:31:32.176Z] 守护进程仍在运行，但 WorkBuddy 已退出
[2026-07-28T11:31:42.180Z] WorkBuddy 未运行（CDP 模式）
[2026-07-28T11:31:42.180Z] 守护进程仍在运行，但 WorkBuddy 已退出
[2026-07-28T11:31:52.183Z] WorkBuddy 未运行（CDP 模式）
[2026-07-28T11:31:52.184Z] 守护进程仍在运行，但 WorkBuddy 已退出
[2026-07-28T11:32:02.179Z] WorkBuddy 未运行（CDP 模式）
[2026-07-28T11:32:02.179Z] 守护进程仍在运行，但 WorkBuddy 已退出
[2026-07-28T11:32:12.182Z] WorkBuddy 未运行（CDP 模式）
[2026-07-28T11:32:12.182Z] 守护进程仍在运行，但 WorkBuddy 已退出
[2026-07-28T11:32:22.179Z] WorkBuddy 未运行（CDP 模式）
[2026-07-28T11:32:22.179Z] 守护进程仍在运行，但 WorkBuddy 已退出
[2026-07-28T11:32:32.182Z] WorkBuddy 未运行（CDP 模式）
[2026-07-28T11:32:32.183Z] 守护进程仍在运行，但 WorkBuddy 已退出
[2026-07-28T11:32:42.185Z] WorkBuddy 未运行（CDP 模式）
[2026-07-28T11:32:42.185Z] 守护进程仍在运行，但 WorkBuddy 已退出
[2026-07-28T11:32:52.187Z] WorkBuddy 未运行（CDP 模式）
[2026-07-28T11:32:52.187Z] 守护进程仍在运行，但 WorkBuddy 已退出
[2026-07-28T11:33:02.185Z] WorkBuddy 未运行（CDP 模式）
[2026-07-28T11:33:02.185Z] 守护进程仍在运行，但 WorkBuddy 已退出
[2026-07-28T11:33:12.190Z] WorkBuddy 未运行（CDP 模式）
[2026-07-28T11:33:12.190Z] 守护进程仍在运行，但 WorkBuddy 已退出
[2026-07-28T11:33:22.185Z] WorkBuddy 未运行（CDP 模式）
[2026-07-28T11:33:22.186Z] 守护进程仍在运行，但 WorkBuddy 已退出
[2026-07-28T11:33:32.188Z] WorkBuddy 未运行（CDP 模式）
[2026-07-28T11:33:32.188Z] 守护进程仍在运行，但 WorkBuddy 已退出
[2026-07-28T11:33:42.197Z] WorkBuddy 未运行（CDP 模式）
[2026-07-28T11:33:42.197Z] 守护进程仍在运行，但 WorkBuddy 已退出
[2026-07-28T11:33:52.201Z] WorkBuddy 未运行（CDP 模式）
[2026-07-28T11:33:52.202Z] 守护进程仍在运行，但 WorkBuddy 已退出
[2026-07-28T11:34:02.199Z] WorkBuddy 未运行（CDP 模式）
[2026-07-28T11:34:02.199Z] 守护进程仍在运行，但 WorkBuddy 已退出
[2026-07-28T11:34:12.195Z] WorkBuddy 未运行（CDP 模式）
[2026-07-28T11:34:12.195Z] 守护进程仍在运行，但 WorkBuddy 已退出
[2026-07-28T11:34:22.196Z] WorkBuddy 未运行（CDP 模式）
[2026-07-28T11:34:22.197Z] 守护进程仍在运行，但 WorkBuddy 已退出
[2026-07-28T11:34:32.194Z] WorkBuddy 未运行（CDP 模式）
[2026-07-28T11:34:32.194Z] 守护进程仍在运行，但 WorkBuddy 已退出
[2026-07-28T11:34:42.202Z] WorkBuddy 未运行（CDP 模式）
[2026-07-28T11:34:42.202Z] 守护进程仍在运行，但 WorkBuddy 已退出
[2026-07-28T11:34:52.202Z] WorkBuddy 未运行（CDP 模式）
[2026-07-28T11:34:52.202Z] 守护进程仍在运行，但 WorkBuddy 已退出
[2026-07-28T11:35:02.199Z] WorkBuddy 未运行（CDP 模式）
[2026-07-28T11:35:02.199Z] 守护进程仍在运行，但 WorkBuddy 已退出
[2026-07-28T11:35:12.202Z] WorkBuddy 未运行（CDP 模式）
[2026-07-28T11:35:12.202Z] 守护进程仍在运行，但 WorkBuddy 已退出
[2026-07-28T11:35:22.210Z] WorkBuddy 未运行（CDP 模式）
[2026-07-28T11:35:22.210Z] 守护进程仍在运行，但 WorkBuddy 已退出
[2026-07-28T11:35:32.209Z] WorkBuddy 未运行（CDP 模式）
[2026-07-28T11:35:32.210Z] 守护进程仍在运行，但 WorkBuddy 已退出
[2026-07-28T11:35:42.207Z] WorkBuddy 未运行（CDP 模式）
[2026-07-28T11:35:42.207Z] 守护进程仍在运行，但 WorkBuddy 已退出
[2026-07-28T11:35:52.204Z] WorkBuddy 未运行（CDP 模式）
[2026-07-28T11:35:52.205Z] 守护进程仍在运行，但 WorkBuddy 已退出
[2026-07-28T11:36:02.208Z] WorkBuddy 未运行（CDP 模式）
[2026-07-28T11:36:02.208Z] 守护进程仍在运行，但 WorkBuddy 已退出
[2026-07-28T11:36:12.196Z] WorkBuddy 未运行（CDP 模式）
[2026-07-28T11:36:12.196Z] 守护进程仍在运行，但 WorkBuddy 已退出
[2026-07-28T11:36:22.201Z] WorkBuddy 未运行（CDP 模式）
[2026-07-28T11:36:22.201Z] 守护进程仍在运行，但 WorkBuddy 已退出
[2026-07-28T11:36:32.199Z] WorkBuddy 未运行（CDP 模式）
[2026-07-28T11:36:32.199Z] 守护进程仍在运行，但 WorkBuddy 已退出
[2026-07-28T11:36:42.202Z] WorkBuddy 未运行（CDP 模式）
[2026-07-28T11:36:42.202Z] 守护进程仍在运行，但 WorkBuddy 已退出
[2026-07-28T11:36:52.206Z] WorkBuddy 未运行（CDP 模式）
[2026-07-28T11:36:52.206Z] 守护进程仍在运行，但 WorkBuddy 已退出
[2026-07-28T11:37:02.202Z] WorkBuddy 未运行（CDP 模式）
[2026-07-28T11:37:02.203Z] 守护进程仍在运行，但 WorkBuddy 已退出
[2026-07-28T11:37:12.206Z] WorkBuddy 未运行（CDP 模式）
[2026-07-28T11:37:12.206Z] 守护进程仍在运行，但 WorkBuddy 已退出
[2026-07-28T11:37:22.205Z] WorkBuddy 未运行（CDP 模式）
[2026-07-28T11:37:22.205Z] 守护进程仍在运行，但 WorkBuddy 已退出
[2026-07-28T11:37:32.207Z] WorkBuddy 未运行（CDP 模式）
[2026-07-28T11:37:32.207Z] 守护进程仍在运行，但 WorkBuddy 已退出
[2026-07-28T11:37:42.209Z] WorkBuddy 未运行（CDP 模式）
[2026-07-28T11:37:42.209Z] 守护进程仍在运行，但 WorkBuddy 已退出
[2026-07-28T11:37:52.205Z] WorkBuddy 未运行（CDP 模式）
[2026-07-28T11:37:52.205Z] 守护进程仍在运行，但 WorkBuddy 已退出
[2026-07-28T11:38:02.208Z] WorkBuddy 未运行（CDP 模式）
[2026-07-28T11:38:02.208Z] 守护进程仍在运行，但 WorkBuddy 已退出
[2026-07-28T11:38:12.215Z] WorkBuddy 未运行（CDP 模式）
[2026-07-28T11:38:12.215Z] 守护进程仍在运行，但 WorkBuddy 已退出
[2026-07-28T11:38:22.214Z] WorkBuddy 未运行（CDP 模式）
[2026-07-28T11:38:22.214Z] 守护进程仍在运行，但 WorkBuddy 已退出
[2026-07-28T11:38:32.215Z] WorkBuddy 未运行（CDP 模式）
[2026-07-28T11:38:32.215Z] 守护进程仍在运行，但 WorkBuddy 已退出
[2026-07-28T11:38:42.220Z] WorkBuddy 未运行（CDP 模式）
[2026-07-28T11:38:42.220Z] 守护进程仍在运行，但 WorkBuddy 已退出
[2026-07-28T11:38:52.207Z] WorkBuddy 未运行（CDP 模式）
[2026-07-28T11:38:52.207Z] 守护进程仍在运行，但 WorkBuddy 已退出
[2026-07-28T11:39:02.218Z] WorkBuddy 未运行（CDP 模式）
[2026-07-28T11:39:02.219Z] 守护进程仍在运行，但 WorkBuddy 已退出
[2026-07-28T11:39:12.219Z] WorkBuddy 未运行（CDP 模式）
[2026-07-28T11:39:12.219Z] 守护进程仍在运行，但 WorkBuddy 已退出
[2026-07-28T11:39:22.225Z] WorkBuddy 未运行（CDP 模式）
[2026-07-28T11:39:22.225Z] 守护进程仍在运行，但 WorkBuddy 已退出
[2026-07-28T11:39:32.228Z] WorkBuddy 未运行（CDP 模式）
[2026-07-28T11:39:32.228Z] 守护进程仍在运行，但 WorkBuddy 已退出
[2026-07-28T11:39:42.235Z] WorkBuddy 未运行（CDP 模式）
[2026-07-28T11:39:42.235Z] 守护进程仍在运行，但 WorkBuddy 已退出
[2026-07-28T11:39:52.225Z] WorkBuddy 未运行（CDP 模式）
[2026-07-28T11:39:52.225Z] 守护进程仍在运行，但 WorkBuddy 已退出
[2026-07-28T11:40:02.230Z] WorkBuddy 未运行（CDP 模式）
[2026-07-28T11:40:02.230Z] 守护进程仍在运行，但 WorkBuddy 已退出
[2026-07-28T11:40:12.217Z] WorkBuddy 未运行（CDP 模式）
[2026-07-28T11:40:12.217Z] 守护进程仍在运行，但 WorkBuddy 已退出
[2026-07-28T11:40:22.232Z] WorkBuddy 未运行（CDP 模式）
[2026-07-28T11:40:22.232Z] 守护进程仍在运行，但 WorkBuddy 已退出
[2026-07-28T11:40:32.228Z] WorkBuddy 未运行（CDP 模式）
[2026-07-28T11:40:32.228Z] 守护进程仍在运行，但 WorkBuddy 已退出
[2026-07-28T11:40:42.210Z] WorkBuddy 未运行（CDP 模式）
[2026-07-28T11:40:42.211Z] 守护进程仍在运行，但 WorkBuddy 已退出
[2026-07-28T11:40:52.232Z] WorkBuddy 未运行（CDP 模式）
[2026-07-28T11:40:52.233Z] 守护进程仍在运行，但 WorkBuddy 已退出
[2026-07-28T11:41:02.236Z] WorkBuddy 未运行（CDP 模式）
[2026-07-28T11:41:02.236Z] 守护进程仍在运行，但 WorkBuddy 已退出
[2026-07-28T11:41:12.233Z] WorkBuddy 未运行（CDP 模式）
[2026-07-28T11:41:12.233Z] 守护进程仍在运行，但 WorkBuddy 已退出
[2026-07-28T11:41:22.241Z] WorkBuddy 未运行（CDP 模式）
[2026-07-28T11:41:22.241Z] 守护进程仍在运行，但 WorkBuddy 已退出
[2026-07-28T11:41:32.239Z] WorkBuddy 未运行（CDP 模式）
[2026-07-28T11:41:32.239Z] 守护进程仍在运行，但 WorkBuddy 已退出
[2026-07-28T11:41:42.225Z] WorkBuddy 未运行（CDP 模式）
[2026-07-28T11:41:42.225Z] 守护进程仍在运行，但 WorkBuddy 已退出
[2026-07-28T11:41:52.239Z] WorkBuddy 未运行（CDP 模式）
[2026-07-28T11:41:52.239Z] 守护进程仍在运行，但 WorkBuddy 已退出
[2026-07-28T11:42:02.242Z] WorkBuddy 未运行（CDP 模式）
[2026-07-28T11:42:02.242Z] 守护进程仍在运行，但 WorkBuddy 已退出
[2026-07-28T11:42:12.242Z] WorkBuddy 未运行（CDP 模式）
[2026-07-28T11:42:12.242Z] 守护进程仍在运行，但 WorkBuddy 已退出
[2026-07-28T11:42:22.244Z] WorkBuddy 未运行（CDP 模式）
[2026-07-28T11:42:22.244Z] 守护进程仍在运行，但 WorkBuddy 已退出
[2026-07-28T11:42:32.241Z] WorkBuddy 未运行（CDP 模式）
[2026-07-28T11:42:32.241Z] 守护进程仍在运行，但 WorkBuddy 已退出
[2026-07-28T11:42:42.238Z] WorkBuddy 未运行（CDP 模式）
[2026-07-28T11:42:42.238Z] 守护进程仍在运行，但 WorkBuddy 已退出
[2026-07-28T11:42:52.248Z] WorkBuddy 未运行（CDP 模式）
[2026-07-28T11:42:52.249Z] 守护进程仍在运行，但 WorkBuddy 已退出
[2026-07-28T11:43:02.243Z] WorkBuddy 未运行（CDP 模式）
[2026-07-28T11:43:02.243Z] 守护进程仍在运行，但 WorkBuddy 已退出
[2026-07-28T11:43:12.248Z] WorkBuddy 未运行（CDP 模式）
[2026-07-28T11:43:12.248Z] 守护进程仍在运行，但 WorkBuddy 已退出
[2026-07-28T11:43:19.949Z] 收到 SIGTERM，正在退出...
[2026-07-28T11:43:58.952Z] === WorkBuddy+ 托盘守护进程启动 ===
[2026-07-28T11:43:58.958Z] HTTP API 监听在 http://localhost:17891
[2026-07-28T11:43:58.989Z] WorkBuddy 运行状态: 否
[2026-07-28T11:43:58.989Z] 守护进程运行状态: 否
[2026-07-28T11:43:58.989Z] 托盘守护进程已就绪
[2026-07-28T11:44:06.064Z] 启动 WorkBuddy+...
[2026-07-28T11:44:11.088Z] WorkBuddy+ 启动成功
[2026-07-28T11:51:19.115Z] WorkBuddy 未运行（CDP 模式）
[2026-07-28T11:51:19.118Z] 守护进程仍在运行，但 WorkBuddy 已退出
[2026-07-28T11:51:29.097Z] WorkBuddy 未运行（CDP 模式）
[2026-07-28T11:51:29.097Z] 守护进程仍在运行，但 WorkBuddy 已退出
[2026-07-28T11:51:39.121Z] WorkBuddy 未运行（CDP 模式）
[2026-07-28T11:51:39.121Z] 守护进程仍在运行，但 WorkBuddy 已退出
[2026-07-28T11:51:49.120Z] WorkBuddy 未运行（CDP 模式）
[2026-07-28T11:51:49.121Z] 守护进程仍在运行，但 WorkBuddy 已退出
[2026-07-28T11:51:59.118Z] WorkBuddy 未运行（CDP 模式）
[2026-07-28T11:51:59.118Z] 守护进程仍在运行，但 WorkBuddy 已退出
[2026-07-28T11:52:09.123Z] WorkBuddy 未运行（CDP 模式）
[2026-07-28T11:52:09.123Z] 守护进程仍在运行，但 WorkBuddy 已退出
[2026-07-28T11:52:19.104Z] WorkBuddy 未运行（CDP 模式）
[2026-07-28T11:52:19.104Z] 守护进程仍在运行，但 WorkBuddy 已退出
[2026-07-28T11:52:29.124Z] WorkBuddy 未运行（CDP 模式）
[2026-07-28T11:52:29.124Z] 守护进程仍在运行，但 WorkBuddy 已退出
[2026-07-28T11:52:39.132Z] WorkBuddy 未运行（CDP 模式）
[2026-07-28T11:52:39.132Z] 守护进程仍在运行，但 WorkBuddy 已退出
[2026-07-28T11:52:49.128Z] WorkBuddy 未运行（CDP 模式）
[2026-07-28T11:52:49.128Z] 守护进程仍在运行，但 WorkBuddy 已退出
[2026-07-28T11:52:59.137Z] WorkBuddy 未运行（CDP 模式）
[2026-07-28T11:53:09.148Z] WorkBuddy 未运行（CDP 模式）
[2026-07-28T11:53:09.149Z] 守护进程仍在运行，但 WorkBuddy 已退出
[2026-07-28T11:53:19.144Z] WorkBuddy 未运行（CDP 模式）
[2026-07-28T11:53:19.144Z] 守护进程仍在运行，但 WorkBuddy 已退出
[2026-07-28T11:53:29.146Z] WorkBuddy 未运行（CDP 模式）
[2026-07-28T11:53:29.146Z] 守护进程仍在运行，但 WorkBuddy 已退出
[2026-07-28T11:53:39.138Z] WorkBuddy 未运行（CDP 模式）
[2026-07-28T11:53:39.138Z] 守护进程仍在运行，但 WorkBuddy 已退出
[2026-07-28T11:53:49.146Z] WorkBuddy 未运行（CDP 模式）
[2026-07-28T11:53:49.146Z] 守护进程仍在运行，但 WorkBuddy 已退出
[2026-07-28T11:53:59.147Z] WorkBuddy 未运行（CDP 模式）
[2026-07-28T11:53:59.148Z] 守护进程仍在运行，但 WorkBuddy 已退出
[2026-07-28T11:54:09.146Z] WorkBuddy 未运行（CDP 模式）
[2026-07-28T11:54:09.146Z] 守护进程仍在运行，但 WorkBuddy 已退出
[2026-07-28T11:54:19.140Z] WorkBuddy 未运行（CDP 模式）
[2026-07-28T11:54:19.140Z] 守护进程仍在运行，但 WorkBuddy 已退出
[2026-07-28T11:54:29.145Z] WorkBuddy 未运行（CDP 模式）
[2026-07-28T11:54:29.145Z] 守护进程仍在运行，但 WorkBuddy 已退出
[2026-07-28T11:54:29.601Z] 启动 WorkBuddy+...
[2026-07-28T11:54:34.638Z] WorkBuddy+ 启动成功
[2026-07-28T12:06:29.190Z] WorkBuddy 运行中但守护进程未运行，尝试启动守护进程...
[2026-07-28T12:06:29.193Z] 启动守护进程...
[2026-07-28T12:06:29.195Z] 守护进程 PID: 96996
[2026-07-28T12:08:55.307Z] 守护进程退出 (code: 0)
[2026-07-28T12:09:09.196Z] WorkBuddy 运行中但守护进程未运行，尝试启动守护进程...
[2026-07-28T12:09:09.197Z] 启动守护进程...
[2026-07-28T12:09:09.197Z] 守护进程 PID: 97060
